=== ARC IR after lowering: <FIXTURE> ===
  1 functions

fn @main() -> int [entry: bb0]
  bb0:
    %0: int [Scalar] = 7
    %1: Wrap<int> [Scalar] = Construct Struct(Wrap)(%0)
    %2: Wrap<Wrap<int>> [Aggregate] = Construct Struct(Wrap)(%1)
    %3: () [Scalar] = ()
    %4: Wrap<Wrap<int>> [Aggregate] = %2
    %5: Wrap<int> [Scalar] = Project %4.0
    %6: int [Scalar] = Project %5.0
    RcDec %4 [AggFields]
    Return %6

=== END ARC IR ===
