#skip("not implemented")
@test_future tests _ () -> void = print(msg: "future");

#compile_fail("type mismatch")
@test_type_error tests _ () -> void = 42;

#skip("LLVM backend: panic handling in #fail tests not working")
#fail("assertion failed")
@test_panic tests _ () -> void = panic(msg: "assertion failed");
